FROM: raikoe <luc...@keskus.de>
SUBJECT: Re: TestSpellCheck not working
DATE: 13 Apr 2007


Hello,

i've got the same problem. 
I found a (non-satisfying) solution:
If I change the variable spellindex to an FSDirectory the TestCase is
working. 
e.g. spellindex = FSDirectory.getDirectory("d://spellcheckerindex"); instead
of 
    spellindex = new RAMDirectory();

But I do not understand why this different behaviour occur. 
Any suggestions or comments?

Regards,
Raiko Eckstein


davep626 wrote:
> 
> Sorry for the lack of detail, first error is:
> 
> junit.framework.AssertionFailedError: expected:<56> but was:<29>
> 	at junit.framework.Assert.fail(Assert.java:47)
> 	at junit.framework.Assert.failNotEquals(Assert.java:282)
> 	at junit.framework.Assert.assertEquals(Assert.java:64)
> 	at junit.framework.Assert.assertEquals(Assert.java:201)
> 	at junit.framework.Assert.assertEquals(Assert.java:207)
> 	at
> org.apache.lucene.search.spell.TestSpellChecker.testBuild(TestSpellChecker.java:60)
> 	at sun.reflect.NativeMethodAccessorImpl.invoke0(Native Method)
> 	at
> sun.reflect.NativeMethodAccessorImpl.invoke(NativeMethodAccessorImpl.java:39)
> 	at
> sun.reflect.DelegatingMethodAccessorImpl.invoke(DelegatingMethodAccessorImpl.java:25)
> 	at java.lang.reflect.Method.invoke(Method.java:585)
> 	at junit.framework.TestCase.runTest(TestCase.java:154)
> 	at junit.framework.TestCase.runBare(TestCase.java:127)
> 	at junit.framework.TestResult$1.protect(TestResult.java:106)
> 	at junit.framework.TestResult.runProtected(TestResult.java:124)
> 	at junit.framework.TestResult.run(TestResult.java:109)
> 	at junit.framework.TestCase.run(TestCase.java:118)
> 	at junit.framework.TestSuite.runTest(TestSuite.java:208)
> 	at junit.framework.TestSuite.run(TestSuite.java:203)
> 	at
> org.junit.internal.runners.OldTestClassRunner.run(OldTestClassRunner.java:35)
> 	at
> org.eclipse.jdt.internal.junit4.runner.JUnit4TestReference.run(JUnit4TestReference.java:38)
> 	at
> org.eclipse.jdt.internal.junit.runner.TestExecution.run(TestExecution.java:38)
> 	at
> org.eclipse.jdt.internal.junit.runner.RemoteTestRunner.runTests(RemoteTestRunner.java:460)
> 	at
> org.eclipse.jdt.internal.junit.runner.RemoteTestRunner.runTests(RemoteTestRunner.java:673)
> 	at
> org.eclipse.jdt.internal.junit.runner.RemoteTestRunner.run(RemoteTestRunner.java:386)
> 	at
> org.eclipse.jdt.internal.junit.runner.RemoteTestRunner.main(RemoteTestRunner.java:196)
> 

-- 
View this message in context: http://www.nabble.com/TestSpellCheck-not-working-tf3521578.html#a9979115
Sent from the Lucene - Java Users mailing list archive at Nabble.com.


---------------------------------------------------------------------
To unsubscribe, e-mail: java-user-unsubscribe@lucene.apache.org
For additional commands, e-mail: java-user-help@lucene.apache.org


