FROM: "Raghavendra Prabhu" <rrpra...@gmail.com>
SUBJECT: Re: Read past EOF error in Windows
DATE: 23 Mar 2006

Check Whether it has got anything to do with UTF
There is a new line difference between windows and linux

Rgds
Prabhu


On 3/24/06, Chris Cain <cbc20@hermes.cam.ac.uk> wrote:
>
> No that doesnt seem to be the problem.
>
> Anyone have any other ideas?
>
> On Tue, 21 Mar 2006 msftblows@aol
>
> I had a problem in the past with security on the folder where your index
> is located...but your error does not seem to show that ... I would check
> anyway though...
>
> -----Original Message-----
> From: Chris Cain <cbc20[at]hermes.cam.ac.uk>
> To: java-user[at]lucene.apache.org
> Sent: Tue, 21 Mar 2006 15:33:26 +0000 (GMT)
> Subject: Read past EOF error in Windows
>
>
> Hi all,
>
> I wrote a lucene program which runs fine under Linux and Mac but fails on
> most Windows machines. (I have managed to get it to work on one version of
> XP however)
>
> Specifically when i open or search the index i get the following error
> message.
>
> Any help would be appreciated,
> Cheers,
> Chris
>
> caught a class java.io.IOException
> with message: read past EOF
> java.io.IOException: read past EOF
> at org.apache.lucene.store.FSIndexInput.readInternal(FSDirectory.java:451)
> at
> org.apache.lucene.store.BufferedIndexInput.readBytes(
> BufferedIndexInput.java:45)
> at
> org.apache.lucene.index.CompoundFileReader$CSIndexInput.readInternal(
> CompoundFileReader.java:219)
> at
> org.apache.lucene.store.BufferedIndexInput.refill(BufferedIndexInput.java
> :64)
> at
> org.apache.lucene.store.BufferedIndexInput.readByte(
> BufferedIndexInput.java:33)
> at org.apache.lucene.store.IndexInput.readInt(IndexInput.java:46)
> at org.apache.lucene.index.SegmentTermEnum.<init>(SegmentTermEnum.java:47)
> at org.apache.lucene.index.TermInfosReader.<init>(TermInfosReader.java:48)
> at
> org.apache.lucene.index.SegmentReader.initialize(SegmentReader.java:147)
> at org.apache.lucene.index.SegmentReader.get(SegmentReader.java:129)
> at org.apache.lucene.index.SegmentReader.get(SegmentReader.java:115)
> at org.apache.lucene.index.IndexReader$1.doBody(IndexReader.java:150)
> at org.apache.lucene.store.Lock$With.run(Lock.java:109)
> at org.apache.lucene.index.IndexReader.open(IndexReader.java:143)
> at org.apache.lucene.index.IndexReader.open(IndexReader.java:127)
> at org.apache.lucene.search.IndexSearcher.<init>(IndexSearcher.java:42)
>
>
> ---------------------------------------------------------------------
> To unsubscribe, e-mail: java-user-unsubscribe[at]lucene.apache.org
> For additional commands, e-mail: java-user-help[at]lucene.apache.org
>
>
> ---------------------------------------------------------------------
> To unsubscribe, e-mail: java-user-unsubscribe@lucene.apache.org
> For additional commands, e-mail: java-user-help@lucene.apache.org
>
>

