FROM: Otis Gospodnetic <otis_gospodne...@yahoo.com>
SUBJECT: Re: Jikes and PorterStemmer problem
DATE: 12 Mar 2003

Yes, this was a known problem in older versions of Jikes (1.16 maybe).
They have fixed it since then, though.  This is the latest jikes
version and everything in Lucene compiles with it (on Linux).

$ jikes -version
Jikes Compiler - Version 1.18 - 21 November 2002
(C) Copyright IBM Corp. 1997, 1998, 1999, 2000, 2001, 2002.
- Licensed Materials - Program Property of IBM - All Rights Reserved.
Originally written by Philippe Charles and David Shields of IBM
Research,
Jikes is now maintained and refined by the Jikes Project at:
<http://ibm.com/developerworks/opensource/jikes>
Please consult this URL for more information and for reporting
problems.

Otis


--- Lukas Zapletal <lzap@root.cz> wrote:
> Hello all,
> 
> I have an exception in Lucene v1.2 final where I try to
> use PorterStemmer compiled using JIKES:
> 
> This seems like a serious bug in JIKES! Anyone already reported Jikes
> 
> comminity?
> Shall I do it myself?
> 
> java.lang.VerifyError:
> (class: org/apache/lucene/analysis/PorterStemmer,
> method: step3 signature: ()V) Illegal target of jump or branch
>     at 
>
org.apache.lucene.analysis.PorterStemFilter.<init>(PorterStemFilter.java:82)
>     at 
>
cz.finesoft.socd.analyzer.CzechAnalyzer.tokenStream(CzechAnalyzer.java:152)
>     at 
>
org.apache.lucene.queryParser.QueryParser.getFieldQuery(QueryParser.java:127)
>     at
> org.apache.lucene.queryParser.QueryParser.Term(QueryParser.java:416)
>     at 
>
org.apache.lucene.queryParser.QueryParser.Clause(QueryParser.java:333)
>     at
> org.apache.lucene.queryParser.QueryParser.Query(QueryParser.java:273)
>     at
> org.apache.lucene.queryParser.QueryParser.parse(QueryParser.java:86)
>     at
> org.apache.lucene.queryParser.QueryParser.parse(QueryParser.java:57)
>     at 
>
org.apache.lucene.queryParser.MultiFieldQueryParser.parse(MultiFieldQueryParser.java:115)
>     at cz.finesoft.socd.Search.query(Search.java:44)
>     at
> cz.finesoft.socd.MainApplet$1.actionPerformed(MainApplet.java:69)
>     at
> javax.swing.JTextField.fireActionPerformed(JTextField.java:489)
>     at javax.swing.JTextField.postActionEvent(JTextField.java:670)
>     at 
>
javax.swing.JTextField$NotifyAction.actionPerformed(JTextField.java:784)
>     at
> javax.swing.SwingUtilities.notifyAction(SwingUtilities.java:1512)
>     at javax.swing.JComponent.processKeyBinding(JComponent.java:2435)
>     at
> javax.swing.JComponent.processKeyBindings(JComponent.java:2470)
>     at javax.swing.JComponent.processKeyEvent(JComponent.java:2398)
>     at java.awt.Component.processEvent(Component.java:4902)
>     at java.awt.Container.processEvent(Container.java:1566)
>     at java.awt.Component.dispatchEventImpl(Component.java:3598)
>     at java.awt.Container.dispatchEventImpl(Container.java:1623)
>     at java.awt.Component.dispatchEvent(Component.java:3439)
>     at 
>
java.awt.KeyboardFocusManager.redispatchEvent(KeyboardFocusManager.java:1688)
>     at 
>
java.awt.DefaultKeyboardFocusManager.dispatchKeyEvent(DefaultKeyboardFocusManager.java:593)
>     at 
>
java.awt.DefaultKeyboardFocusManager.preDispatchKeyEvent(DefaultKeyboardFocusManager.java:765)
>     at 
>
java.awt.DefaultKeyboardFocusManager.typeAheadAssertions(DefaultKeyboardFocusManager.java:698)
>     at 
>
java.awt.DefaultKeyboardFocusManager.dispatchEvent(DefaultKeyboardFocusManager.java:559)
>     at java.awt.Component.dispatchEventImpl(Component.java:3468)
>     at java.awt.Container.dispatchEventImpl(Container.java:1623)
>     at java.awt.Component.dispatchEvent(Component.java:3439)
>     at java.awt.EventQueue.dispatchEvent(EventQueue.java:450)
>     at 
>
java.awt.EventDispatchThread.pumpOneEventForHierarchy(EventDispatchThread.java:197)
>     at 
>
java.awt.EventDispatchThread.pumpEventsForHierarchy(EventDispatchThread.java:150)
>     at
> java.awt.EventDispatchThread.pumpEvents(EventDispatchThread.java:144)
>     at
> java.awt.EventDispatchThread.pumpEvents(EventDispatchThread.java:136)
>     at java.awt.EventDispatchThread.run(EventDispatchThread.java:99)
> 
> 
> 
> -- 
> Lukas Zapletal      [lzap@root.cz]
> http://www.tanecni-olomouc.cz/lzap
> 
> 
> 
> ---------------------------------------------------------------------
> To unsubscribe, e-mail: lucene-user-unsubscribe@jakarta.apache.org
> For additional commands, e-mail: lucene-user-help@jakarta.apache.org
> 


__________________________________________________
Do you Yahoo!?
Yahoo! Web Hosting - establish your business online
http://webhosting.yahoo.com

---------------------------------------------------------------------
To unsubscribe, e-mail: lucene-user-unsubscribe@jakarta.apache.org
For additional commands, e-mail: lucene-user-help@jakarta.apache.org


